#
# There is insufficient memory for the Java Runtime Environment to continue.
# Native memory allocation (malloc) failed to allocate 1048576 bytes for AllocateHeap
# Possible reasons:
#   The system is out of physical RAM or swap space
#   The process is running with CompressedOops enabled, and the Java Heap may be blocking the growth of the native heap
# Possible solutions:
#   Reduce memory load on the system
#   Increase physical memory or swap space
#   Check if swap backing store is full
#   Decrease Java heap size (-Xmx/-Xms)
#   Decrease number of Java threads
#   Decrease Java thread stack sizes (-Xss)
#   Set larger code cache with -XX:ReservedCodeCacheSize=
#   JVM is running with Zero Based Compressed Oops mode in which the Java heap is
#     placed in the first 32GB address space. The Java Heap base address is the
#     maximum limit for the native heap growth. Please use -XX:HeapBaseMinAddress
#     to set the Java Heap base and to place the Java Heap above 32GB virtual address.
# This output file may be truncated or incomplete.
#
#  Out of Memory Error (allocation.cpp:44), pid=55956, tid=55976
#
# JRE version:  (17.0.0.1+2) (build )
# Java VM: OpenJDK 64-Bit Server VM (17.0.0.1+2-3, mixed mode, sharing, tiered, compressed oops, compressed class ptrs, g1 gc, windows-amd64)
# No core dump will be written. Minidumps are not enabled by default on client versions of Windows
#

---------------  S U M M A R Y ------------

Command Line: -DkotlinLanguageServer.version=1.3.13 org.javacs.kt.MainKt

Host: Intel(R) Core(TM) i5-10600K CPU @ 4.10GHz, 12 cores, 31G,  Windows 10 , 64 bit Build 26100 (10.0.26100.8328)
Time: Wed Jun 10 09:56:14 2026  Windows 10 , 64 bit Build 26100 (10.0.26100.8328) elapsed time: 1.017334 seconds (0d 0h 0m 1s)

---------------  T H R E A D  ---------------

Current thread (0x000001b1fb6c1160):  JavaThread "Unknown thread" [_thread_in_vm, id=55976, stack(0x000000ab75800000,0x000000ab75900000)]

Stack: [0x000000ab75800000,0x000000ab75900000]
Native frames: (J=compiled Java code, j=interpreted, Vv=VM code, C=native code)
V  [jvm.dll+0x66f8ea]
V  [jvm.dll+0x7ce224]
V  [jvm.dll+0x7cf9ce]
V  [jvm.dll+0x7d0033]
V  [jvm.dll+0x242bb5]
V  [jvm.dll+0xa4673]
V  [jvm.dll+0x2e0b57]
V  [jvm.dll+0x2d8a2b]
V  [jvm.dll+0x7a00a1]
V  [jvm.dll+0x365781]
V  [jvm.dll+0x77f59c]
V  [jvm.dll+0x3e805f]
V  [jvm.dll+0x3e9b01]
C  [jli.dll+0x527b]
C  [ucrtbase.dll+0x37b0]
C  [KERNEL32.DLL+0x2e957]
C  [ntdll.dll+0x427c]


---------------  P R O C E S S  ---------------

Threads class SMR info:
_java_thread_list=0x00007ffc35309818, length=0, elements={
}

Java Threads: ( => current thread )

Other Threads:
  0x000001b1fb739970 GCTaskThread "GC Thread#0" [stack: 0x000000ab75900000,0x000000ab75a00000] [id=55980]

[error occurred during error reporting (printing all threads), id 0xc0000005, EXCEPTION_ACCESS_VIOLATION (0xc0000005) at pc=0x00007ffc34b55aa0]

VM state: not at safepoint (not fully initialized)

VM Mutex/Monitor currently owned by a thread:  ([mutex/lock_event])
[0x000001b1fb6bd260] Heap_lock - owner thread: 0x000001b1fb6c1160

Heap address: 0x0000000602000000, size: 8160 MB, Compressed Oops mode: Zero based, Oop shift amount: 3

CDS archive(s) mapped at: [0x0000000000000000-0x0000000000000000-0x0000000000000000), size 0, SharedBaseAddress: 0x0000000800000000, ArchiveRelocationMode: 0.
Narrow klass base: 0x0000000000000000, Narrow klass shift: 0, Narrow klass range: 0x0

GC Precious Log:
<Empty>

Heap:
 garbage-first heap   total 0K, used 0K [0x0000000602000000, 0x0000000800000000)
  region size 4096K, 0 young (0K), 0 survivors (0K)

[error occurred during error reporting (printing heap information), id 0xc0000005, EXCEPTION_ACCESS_VIOLATION (0xc0000005) at pc=0x00007ffc34f38c59]

GC Heap History (0 events):
No events

Deoptimization events (0 events):
No events

Classes unloaded (0 events):
No events

Classes redefined (0 events):
No events

Internal exceptions (0 events):
No events

VM Operations (0 events):
No events

Events (1 events):
Event: 0.008 Loaded shared library E:\jdk-17.0.0.1\bin\java.dll


Dynamic libraries:
0x00007ff6a7b40000 - 0x00007ff6a7b4e000 	E:\jdk-17.0.0.1\bin\java.exe
0x00007ffd21020000 - 0x00007ffd21287000 	C:\WINDOWS\SYSTEM32\ntdll.dll
0x00007ffd1fc70000 - 0x00007ffd1fd39000 	C:\WINDOWS\System32\KERNEL32.DLL
0x00007ffd1dc30000 - 0x00007ffd1e027000 	C:\WINDOWS\System32\KERNELBASE.dll
0x00007ffd1dae0000 - 0x00007ffd1dc2b000 	C:\WINDOWS\System32\ucrtbase.dll
0x00007ffd08ef0000 - 0x00007ffd08f08000 	E:\jdk-17.0.0.1\bin\jli.dll
0x00007ffd08a60000 - 0x00007ffd08a7a000 	E:\jdk-17.0.0.1\bin\VCRUNTIME140.dll
0x00007ffd1f7b0000 - 0x00007ffd1f976000 	C:\WINDOWS\System32\USER32.dll
0x00007ffd1ecb0000 - 0x00007ffd1ecd7000 	C:\WINDOWS\System32\win32u.dll
0x00007ffd0c2e0000 - 0x00007ffd0c572000 	C:\WINDOWS\WinSxS\amd64_microsoft.windows.common-controls_6595b64144ccf1df_6.0.26100.8457_none_3e0b2faee331e92d\COMCTL32.dll
0x00007ffd1f410000 - 0x00007ffd1f43b000 	C:\WINDOWS\System32\GDI32.dll
0x00007ffd20c20000 - 0x00007ffd20cc9000 	C:\WINDOWS\System32\msvcrt.dll
0x00007ffd1e260000 - 0x00007ffd1e38c000 	C:\WINDOWS\System32\gdi32full.dll
0x00007ffd1e030000 - 0x00007ffd1e0d3000 	C:\WINDOWS\System32\msvcp_win.dll
0x00007ffd20640000 - 0x00007ffd20672000 	C:\WINDOWS\System32\IMM32.DLL
0x00007ffd0b740000 - 0x00007ffd0b74c000 	E:\jdk-17.0.0.1\bin\vcruntime140_1.dll
0x00007ffca7030000 - 0x00007ffca70bd000 	E:\jdk-17.0.0.1\bin\msvcp140.dll
0x00007ffc34870000 - 0x00007ffc35430000 	E:\jdk-17.0.0.1\bin\server\jvm.dll
0x00007ffd1fbb0000 - 0x00007ffd1fc66000 	C:\WINDOWS\System32\ADVAPI32.dll
0x00007ffd20cd0000 - 0x00007ffd20d77000 	C:\WINDOWS\System32\sechost.dll
0x00007ffd1fa90000 - 0x00007ffd1fba8000 	C:\WINDOWS\System32\RPCRT4.dll
0x00007ffd1f980000 - 0x00007ffd1f988000 	C:\WINDOWS\System32\PSAPI.DLL
0x00007ffd08ec0000 - 0x00007ffd08eca000 	C:\WINDOWS\SYSTEM32\WSOCK32.dll
0x00007ffd166a0000 - 0x00007ffd166d6000 	C:\WINDOWS\SYSTEM32\WINMM.dll
0x00007ffd18c50000 - 0x00007ffd18c5b000 	C:\WINDOWS\SYSTEM32\VERSION.dll
0x00007ffd1f230000 - 0x00007ffd1f2b0000 	C:\WINDOWS\System32\WS2_32.dll
0x00007ffd1c7a0000 - 0x00007ffd1c7bb000 	C:\WINDOWS\SYSTEM32\kernel.appcore.dll
0x00007ffd08af0000 - 0x00007ffd08afa000 	E:\jdk-17.0.0.1\bin\jimage.dll
0x00007ffd1b6a0000 - 0x00007ffd1b8e2000 	C:\WINDOWS\SYSTEM32\DBGHELP.DLL
0x00007ffd20680000 - 0x00007ffd20a03000 	C:\WINDOWS\System32\combase.dll
0x00007ffd1f680000 - 0x00007ffd1f759000 	C:\WINDOWS\System32\OLEAUT32.dll
0x00007ffd06b80000 - 0x00007ffd06bbb000 	C:\WINDOWS\SYSTEM32\dbgcore.DLL
0x00007ffd1ec00000 - 0x00007ffd1eca8000 	C:\WINDOWS\System32\bcryptPrimitives.dll
0x00007ffcf4bd0000 - 0x00007ffcf4bf5000 	E:\jdk-17.0.0.1\bin\java.dll

dbghelp: loaded successfully - version: 4.0.5 - missing functions: none
symbol engine: initialized successfully - sym options: 0x614 - pdb path: .;E:\jdk-17.0.0.1\bin;C:\WINDOWS\SYSTEM32;C:\WINDOWS\WinSxS\amd64_microsoft.windows.common-controls_6595b64144ccf1df_6.0.26100.8457_none_3e0b2faee331e92d;E:\jdk-17.0.0.1\bin\server

VM Arguments:
jvm_args: -DkotlinLanguageServer.version=1.3.13 
java_command: org.javacs.kt.MainKt
java_class_path (initial): c:\Users\23982\AppData\Roaming\Trae\User\globalStorage\fwcd.kotlin\langServerInstall\server\lib\server-1.3.13.jar;c:\Users\23982\AppData\Roaming\Trae\User\globalStorage\fwcd.kotlin\langServerInstall\server\lib\shared-1.3.13.jar;c:\Users\23982\AppData\Roaming\Trae\User\globalStorage\fwcd.kotlin\langServerInstall\server\lib\kotlin-scripting-jvm-host-unshaded-2.1.0.jar;c:\Users\23982\AppData\Roaming\Trae\User\globalStorage\fwcd.kotlin\langServerInstall\server\lib\kotlin-scripting-compiler-2.1.0.jar;c:\Users\23982\AppData\Roaming\Trae\User\globalStorage\fwcd.kotlin\langServerInstall\server\lib\ktfmt-b5d31d1.jar;c:\Users\23982\AppData\Roaming\Trae\User\globalStorage\fwcd.kotlin\langServerInstall\server\lib\kotlin-compiler-2.1.0.jar;c:\Users\23982\AppData\Roaming\Trae\User\globalStorage\fwcd.kotlin\langServerInstall\server\lib\exposed-dao-0.37.3.jar;c:\Users\23982\AppData\Roaming\Trae\User\globalStorage\fwcd.kotlin\langServerInstall\server\lib\exposed-jdbc-0.37.3.jar;c:\Users\23982\AppData\Roaming\Trae\User\globalStorage\fwcd.kotlin\langServerInstall\server\lib\exposed-core-0.37.3.jar;c:\Users\23982\AppData\Roaming\Trae\User\globalStorage\fwcd.kotlin\langServerInstall\server\lib\kotlin-scripting-compiler-impl-2.1.0.jar;c:\Users\23982\AppData\Roaming\Trae\User\globalStorage\fwcd.kotlin\langServerInstall\server\lib\kotlin-reflect-2.1.0.jar;c:\Users\23982\AppData\Roaming\Trae\User\globalStorage\fwcd.kotlin\langServerInstall\server\lib\kotlin-scripting-jvm-2.1.0.jar;c:\Users\23982\AppData\Roaming\Trae\User\globalStorage\fwcd.kotlin\langServerInstall\server\lib\kotlin-scripting-common-2.1.0.jar;c:\Users\23982\AppData\Roaming\Trae\User\globalStorage\fwcd.kotlin\langServerInstall\server\lib\kotlinx-coroutines-core-jvm-1.6.4.jar;c:\Users\23982\AppData\Roaming\Trae\User\globalStorage\fwcd.kotlin\langServerInstall\server\lib\kotlin-stdlib-jdk8-2.1.0.jar;c:\Users\23982\AppData\Roaming\Trae\User\globalStorage\fwcd.kotlin\langServerInstall\server\lib\kotli
Launcher Type: SUN_STANDARD

[Global flags]
     intx CICompilerCount                          = 4                                         {product} {ergonomic}
     uint ConcGCThreads                            = 3                                         {product} {ergonomic}
     uint G1ConcRefinementThreads                  = 10                                        {product} {ergonomic}
   size_t G1HeapRegionSize                         = 4194304                                   {product} {ergonomic}
    uintx GCDrainStackTargetSize                   = 64                                        {product} {ergonomic}
   size_t InitialHeapSize                          = 536870912                                 {product} {ergonomic}
   size_t MarkStackSize                            = 4194304                                   {product} {ergonomic}
   size_t MaxHeapSize                              = 8556380160                                {product} {ergonomic}
   size_t MinHeapDeltaBytes                        = 4194304                                   {product} {ergonomic}
   size_t MinHeapSize                              = 8388608                                   {product} {ergonomic}
    uintx NonNMethodCodeHeapSize                   = 5839372                                {pd product} {ergonomic}
    uintx NonProfiledCodeHeapSize                  = 122909434                              {pd product} {ergonomic}
    uintx ProfiledCodeHeapSize                     = 122909434                              {pd product} {ergonomic}
    uintx ReservedCodeCacheSize                    = 251658240                              {pd product} {ergonomic}
     bool SegmentedCodeCache                       = true                                      {product} {ergonomic}
   size_t SoftMaxHeapSize                          = 8556380160                             {manageable} {ergonomic}
     bool UseCompressedClassPointers               = true                           {product lp64_product} {ergonomic}
     bool UseCompressedOops                        = true                           {product lp64_product} {ergonomic}
     bool UseG1GC                                  = true                                      {product} {ergonomic}
     bool UseLargePagesIndividualAllocation        = false                                  {pd product} {ergonomic}

Logging:
Log output configuration:
 #0: stdout all=warning uptime,level,tags
 #1: stderr all=off uptime,level,tags

Environment Variables:
JAVA_HOME=E:\jdk-17.0.0.1
CLASSPATH=c:\Users\23982\AppData\Roaming\Trae\User\globalStorage\fwcd.kotlin\langServerInstall\server\lib\server-1.3.13.jar;c:\Users\23982\AppData\Roaming\Trae\User\globalStorage\fwcd.kotlin\langServerInstall\server\lib\shared-1.3.13.jar;c:\Users\23982\AppData\Roaming\Trae\User\globalStorage\fwcd.kotlin\langServerInstall\server\lib\kotlin-scripting-jvm-host-unshaded-2.1.0.jar;c:\Users\23982\AppData\Roaming\Trae\User\globalStorage\fwcd.kotlin\langServerInstall\server\lib\kotlin-scripting-compiler-2.1.0.jar;c:\Users\23982\AppData\Roaming\Trae\User\globalStorage\fwcd.kotlin\langServerInstall\server\lib\ktfmt-b5d31d1.jar;c:\Users\23982\AppData\Roaming\Trae\User\globalStorage\fwcd.kotlin\langServerInstall\server\lib\kotlin-compiler-2.1.0.jar;c:\Users\23982\AppData\Roaming\Trae\User\globalStorage\fwcd.kotlin\langServerInstall\server\lib\exposed-dao-0.37.3.jar;c:\Users\23982\AppData\Roaming\Trae\User\globalStorage\fwcd.kotlin\langServerInstall\server\lib\exposed-jdbc-0.37.3.jar;c:\Users\23982\AppData\Roaming\Trae\User\globalStorage\fwcd.kotlin\langServerInstall\server\lib\exposed-core-0.37.3.jar;c:\Users\23982\AppData\Roaming\Trae\User\globalStorage\fwcd.kotlin\langServerInstall\server\lib\kotlin-scripting-compiler-impl-2.1.0.jar;c:\Users\23982\AppData\Roaming\Trae\User\globalStorage\fwcd.kotlin\langServerInstall\server\lib\kotlin-reflect-2.1.0.jar;c:\Users\23982\AppData\Roaming\Trae\User\globalStorage\fwcd.kotlin\langServerInstall\server\lib\kotlin-scripting-jvm-2.1.0.jar;c:\Users\23982\AppData\Roaming\Trae\User\globalStorage\fwcd.kotlin\langServerInstall\server\lib\kotlin-scripting-common-2.1.0.jar;c:\Users\23982\AppData\Roaming\Trae\User\globalStorage\fwcd.kotlin\langServerInstall\server\lib\kotlinx-coroutines-core-jvm-1.6.4.jar;c:\Users\23982\AppData\Roaming\Trae\User\globalStorage\fwcd.kotlin\langServerInstall\server\lib\kotlin-stdlib-jdk8-2.1.0.jar;c:\Users\23982\AppData\Roaming\Trae\User\globalStorage\fwcd.kotlin\langServerInstall\server\lib\kotlin-stdlib-jdk7-2.1.0.jar;c:\
PATH=c:\Users\23982\.trae\tools\trae-gopls\current;c:\Users\23982\.trae\sdks\workspaces\b6e3b302\versions\node\current;c:\Users\23982\.trae\sdks\versions\node\current;E:\chanDao\ZenTao\zbox\nssm\win64;C:\WINDOWS\system32;C:\WINDOWS;C:\WINDOWS\System32\Wbem;C:\WINDOWS\System32\WindowsPowerShell\v1.0\;C:\WINDOWS\System32\OpenSSH\;E:\jdk-17.0.0.1\bin;D:\apache-maven-3.9.14-bin\apache-maven-3.9.14\bin;D:\Android\Sdk\tools;D:\Android\Sdk\platform-tools;E:\Git\cmd;E:\node\;C:\Program Files\MySQL\MySQL Server 8.0\bin;C:\Users\23982\AppData\Local\Microsoft\WindowsApps;E:\Microsoft VS Code\bin;E:\node\node_global;C:\Program Files\GitHub CLI\;C:\Program Files\Docker\Docker\resources\bin;C:\Users\23982\AppData\Local\Programs\Python\Launcher\;C:\Users\23982\AppData\Local\Microsoft\WindowsApps;E:\Microsoft VS Code\bin;E:\node\node_global;E:\Wukong\0.9.51-26052503\bin\dingsync;E:\Wukong\0.9.56-26060201\bin\dingsync;E:\Wukong\0.9.56-26060502\bin\dingsync;e:\Trae\resources\app\bin\lib
USERNAME=23982
OS=Windows_NT
PROCESSOR_IDENTIFIER=Intel64 Family 6 Model 165 Stepping 5, GenuineIntel



---------------  S Y S T E M  ---------------

OS:
 Windows 10 , 64 bit Build 26100 (10.0.26100.8328)
OS uptime: 1 days 15:35 hours
Hyper-V role detected

CPU: total 12 (initial active 12) (6 cores per cpu, 2 threads per core) family 6 model 165 stepping 5 microcode 0xf0, cx8, cmov, fxsr, ht, mmx, 3dnowpref, sse, sse2, sse3, ssse3, sse4.1, sse4.2, popcnt, lzcnt, tsc, tscinvbit, avx, avx2, erms, clmul, bmi1, bmi2, adx, fma, vzeroupper, clflush, clflushopt, hv

Memory: 4k page, system-wide physical 32634M (2176M free)
TotalPageFile size 58234M (AvailPageFile size 25M)
current process WorkingSet (physical memory assigned to process): 13M, peak: 13M
current process commit charge ("private bytes"): 56M, peak: 57M

vm_info: OpenJDK 64-Bit Server VM (17.0.0.1+2-3) for windows-amd64 JRE (17.0.0.1+2-3), built on May  8 2024 19:05:00 by "mach5one" with MS VC++ 16.8 (VS2019)

END.
